Archive member included to satisfy reference by file (symbol)

/Applications/ARM/bin/../lib/gcc/arm-none-eabi/10.3.1/../../../../arm-none-eabi/lib/thumb/v7e-m+fp/hard/libc_nano.a(lib_a-exit.o)
                              /Applications/ARM/bin/../lib/gcc/arm-none-eabi/10.3.1/../../../../arm-none-eabi/lib/thumb/v7e-m+fp/hard/crt0.o (exit)
/Applications/ARM/bin/../lib/gcc/arm-none-eabi/10.3.1/../../../../arm-none-eabi/lib/thumb/v7e-m+fp/hard/libc_nano.a(lib_a-impure.o)
                              /Applications/ARM/bin/../lib/gcc/arm-none-eabi/10.3.1/../../../../arm-none-eabi/lib/thumb/v7e-m+fp/hard/libc_nano.a(lib_a-exit.o) (_global_impure_ptr)
/Applications/ARM/bin/../lib/gcc/arm-none-eabi/10.3.1/../../../../arm-none-eabi/lib/thumb/v7e-m+fp/hard/libc_nano.a(lib_a-init.o)
                              /Applications/ARM/bin/../lib/gcc/arm-none-eabi/10.3.1/../../../../arm-none-eabi/lib/thumb/v7e-m+fp/hard/crt0.o (__libc_init_array)
/Applications/ARM/bin/../lib/gcc/arm-none-eabi/10.3.1/../../../../arm-none-eabi/lib/thumb/v7e-m+fp/hard/libc_nano.a(lib_a-memcpy-stub.o)
                              _build/nrf52840_xxaa/nrf_atfifo.c.o (memcpy)
/Applications/ARM/bin/../lib/gcc/arm-none-eabi/10.3.1/../../../../arm-none-eabi/lib/thumb/v7e-m+fp/hard/libc_nano.a(lib_a-memset.o)
                              /Applications/ARM/bin/../lib/gcc/arm-none-eabi/10.3.1/../../../../arm-none-eabi/lib/thumb/v7e-m+fp/hard/crt0.o (memset)
/Applications/ARM/bin/../lib/gcc/arm-none-eabi/10.3.1/../../../../arm-none-eabi/lib/thumb/v7e-m+fp/hard/libc_nano.a(lib_a-strlen.o)
                              _build/nrf52840_xxaa/nrf_fprintf_format.c.o (strlen)
/Applications/ARM/bin/../lib/gcc/arm-none-eabi/10.3.1/../../../../arm-none-eabi/lib/thumb/v7e-m+fp/hard/libnosys.a(_exit.o)
                              /Applications/ARM/bin/../lib/gcc/arm-none-eabi/10.3.1/../../../../arm-none-eabi/lib/thumb/v7e-m+fp/hard/libc_nano.a(lib_a-exit.o) (_exit)
/Applications/ARM/bin/../lib/gcc/arm-none-eabi/10.3.1/thumb/v7e-m+fp/hard/libgcc.a(_aeabi_ldivmod.o)
                              _build/nrf52840_xxaa/main.c.o (__aeabi_ldivmod)
/Applications/ARM/bin/../lib/gcc/arm-none-eabi/10.3.1/thumb/v7e-m+fp/hard/libgcc.a(_aeabi_uldivmod.o)
                              _build/nrf52840_xxaa/main.c.o (__aeabi_uldivmod)
/Applications/ARM/bin/../lib/gcc/arm-none-eabi/10.3.1/thumb/v7e-m+fp/hard/libgcc.a(_udivmoddi4.o)
                              /Applications/ARM/bin/../lib/gcc/arm-none-eabi/10.3.1/thumb/v7e-m+fp/hard/libgcc.a(_aeabi_ldivmod.o) (__udivmoddi4)
/Applications/ARM/bin/../lib/gcc/arm-none-eabi/10.3.1/thumb/v7e-m+fp/hard/libgcc.a(_dvmd_tls.o)
                              /Applications/ARM/bin/../lib/gcc/arm-none-eabi/10.3.1/thumb/v7e-m+fp/hard/libgcc.a(_aeabi_ldivmod.o) (__aeabi_ldiv0)

Discarded input sections

 .text          0x0000000000000000        0x0 /Applications/ARM/bin/../lib/gcc/arm-none-eabi/10.3.1/thumb/v7e-m+fp/hard/crti.o
 .data          0x0000000000000000        0x0 /Applications/ARM/bin/../lib/gcc/arm-none-eabi/10.3.1/thumb/v7e-m+fp/hard/crti.o
 .bss           0x0000000000000000        0x0 /Applications/ARM/bin/../lib/gcc/arm-none-eabi/10.3.1/thumb/v7e-m+fp/hard/crti.o
 .data          0x0000000000000000        0x4 /Applications/ARM/bin/../lib/gcc/arm-none-eabi/10.3.1/thumb/v7e-m+fp/hard/crtbegin.o
 .rodata        0x0000000000000000       0x24 /Applications/ARM/bin/../lib/gcc/arm-none-eabi/10.3.1/thumb/v7e-m+fp/hard/crtbegin.o
 .data          0x0000000000000000        0x0 /Applications/ARM/bin/../lib/gcc/arm-none-eabi/10.3.1/../../../../arm-none-eabi/lib/thumb/v7e-m+fp/hard/crt0.o
 .bss           0x0000000000000000        0x0 /Applications/ARM/bin/../lib/gcc/arm-none-eabi/10.3.1/../../../../arm-none-eabi/lib/thumb/v7e-m+fp/hard/crt0.o
 .ARM.extab     0x0000000000000000        0x0 /Applications/ARM/bin/../lib/gcc/arm-none-eabi/10.3.1/../../../../arm-none-eabi/lib/thumb/v7e-m+fp/hard/crt0.o
 .data          0x0000000000000000        0x0 _build/nrf52840_xxaa/gcc_startup_nrf52840.S.o
 .bss           0x0000000000000000        0x0 _build/nrf52840_xxaa/gcc_startup_nrf52840.S.o
 .group         0x0000000000000000        0xc _build/nrf52840_xxaa/nrf_log_frontend.c.o
 .group         0x0000000000000000        0xc _build/nrf52840_xxaa/nrf_log_frontend.c.o
 .group         0x0000000000000000        0xc _build/nrf52840_xxaa/nrf_log_frontend.c.o
 .group         0x0000000000000000        0xc _build/nrf52840_xxaa/nrf_log_frontend.c.o
 .group         0x0000000000000000        0xc _build/nrf52840_xxaa/nrf_log_frontend.c.o
 .group         0x0000000000000000        0xc _build/nrf52840_xxaa/nrf_log_frontend.c.o
 .group         0x0000000000000000        0xc _build/nrf52840_xxaa/nrf_log_frontend.c.o
 .group         0x0000000000000000        0xc _build/nrf52840_xxaa/nrf_log_frontend.c.o
 .group         0x0000000000000000        0xc _build/nrf52840_xxaa/nrf_log_frontend.c.o
 .group         0x0000000000000000        0xc _build/nrf52840_xxaa/nrf_log_frontend.c.o
[...]
Memory Configuration

Name             Origin             Length             Attributes
FLASH            0x0000000000001000 0x00000000000de000 xr
RAM              0x0000000020000008 0x000000000003fff8 xrw
*default*        0x0000000000000000 0xffffffffffffffff

Linker script and memory map


.text           0x0000000000001000     0x18a0
 *(.isr_vector)
 .isr_vector    0x0000000000001000      0x200 _build/nrf52840_xxaa/gcc_startup_nrf52840.S.o
                0x0000000000001000                __isr_vector
 *(.text*)
 .text          0x0000000000001200       0x40 /Applications/ARM/bin/../lib/gcc/arm-none-eabi/10.3.1/thumb/v7e-m+fp/hard/crtbegin.o
 .text          0x0000000000001240       0x7c /Applications/ARM/bin/../lib/gcc/arm-none-eabi/10.3.1/../../../../arm-none-eabi/lib/thumb/v7e-m+fp/hard/crt0.o
                0x0000000000001240                _stack_init
                0x0000000000001248                _mainCRTStartup
                0x0000000000001248                _start
 .text          0x00000000000012bc       0x3c _build/nrf52840_xxaa/gcc_startup_nrf52840.S.o
                0x00000000000012bc                Reset_Handler
                0x00000000000012e4                NMI_Handler
                0x00000000000012e6                HardFault_Handler
                0x00000000000012e8                MemoryManagement_Handler
                0x00000000000012ea                BusFault_Handler
                0x00000000000012ec                UsageFault_Handler
                0x00000000000012ee                SVC_Handler
                0x00000000000012f0                DebugMon_Handler
                0x00000000000012f2                PendSV_Handler
                0x00000000000012f4                SysTick_Handler
                0x00000000000012f6                TIMER3_IRQHandler
                0x00000000000012f6                PWM3_IRQHandler
                0x00000000000012f6                FPU_IRQHandler
                0x00000000000012f6                USBD_IRQHandler
                0x00000000000012f6                SPIM0_SPIS0_TWIM0_TWIS0_SPI0_TWI0_IRQHandler
                0x00000000000012f6                UARTE0_UART0_IRQHandler
                0x00000000000012f6                TIMER4_IRQHandler
                0x00000000000012f6                CRYPTOCELL_IRQHandler
                0x00000000000012f6                I2S_IRQHandler
                0x00000000000012f6                SWI4_EGU4_IRQHandler
                0x00000000000012f6                TIMER0_IRQHandler
                0x00000000000012f6                UARTE1_IRQHandler
                0x00000000000012f6                TIMER1_IRQHandler
                0x00000000000012f6                SPIM3_IRQHandler
                0x00000000000012f6                PWM2_IRQHandler
                0x00000000000012f6                ECB_IRQHandler
                0x00000000000012f6                SPIM1_SPIS1_TWIM1_TWIS1_SPI1_TWI1_IRQHandler
                0x00000000000012f6                Default_Handler
                0x00000000000012f6                SAADC_IRQHandler
                0x00000000000012f6                CCM_AAR_IRQHandler
                0x00000000000012f6                WDT_IRQHandler
                0x00000000000012f6                SWI5_EGU5_IRQHandler
                0x00000000000012f6                RNG_IRQHandler
                0x00000000000012f6                RTC2_IRQHandler
                0x00000000000012f6                SWI3_EGU3_IRQHandler
                0x00000000000012f6                SWI1_EGU1_IRQHandler
                0x00000000000012f6                SPIM2_SPIS2_SPI2_IRQHandler
                0x00000000000012f6                NFCT_IRQHandler
                0x00000000000012f6                MWU_IRQHandler
                0x00000000000012f6                QSPI_IRQHandler
                0x00000000000012f6                TIMER2_IRQHandler
                0x00000000000012f6                COMP_LPCOMP_IRQHandler
                0x00000000000012f6                RTC0_IRQHandler
                0x00000000000012f6                SWI0_EGU0_IRQHandler
                0x00000000000012f6                SWI2_EGU2_IRQHandler
                0x00000000000012f6                PWM1_IRQHandler
                0x00000000000012f6                POWER_CLOCK_IRQHandler
                0x00000000000012f6                RADIO_IRQHandler
                0x00000000000012f6                PDM_IRQHandler
                0x00000000000012f6                TEMP_IRQHandler
                0x00000000000012f6                QDEC_IRQHandler
 .text.app_util_critical_region_enter
                0x00000000000012f8       0x10 _build/nrf52840_xxaa/app_util_platform.c.o
                0x00000000000012f8                app_util_critical_region_enter
 .text.app_util_critical_region_exit
                0x0000000000001308       0x14 _build/nrf52840_xxaa/app_util_platform.c.o
                0x0000000000001308                app_util_critical_region_exit
 .text.nrf_atfifo_init
                0x000000000000131c       0x30 _build/nrf52840_xxaa/nrf_atfifo.c.o
                0x000000000000131c                nrf_atfifo_init
 .text.nrf_atfifo_item_alloc
                0x000000000000134c       0x64 _build/nrf52840_xxaa/nrf_atfifo.c.o
                0x000000000000134c                nrf_atfifo_item_alloc
 .text.nrf_atfifo_item_put
                0x00000000000013b0       0x20 _build/nrf52840_xxaa/nrf_atfifo.c.o
                0x00000000000013b0                nrf_atfifo_item_put
 .text.nrf_atfifo_item_get
                0x00000000000013d0       0x64 _build/nrf52840_xxaa/nrf_atfifo.c.o
                0x00000000000013d0                nrf_atfifo_item_get
 .text.nrf_atfifo_item_free
                0x0000000000001434       0x20 _build/nrf52840_xxaa/nrf_atfifo.c.o
                0x0000000000001434                nrf_atfifo_item_free
 .text.drv_rtc_init
                0x0000000000001454       0x90 _build/nrf52840_xxaa/drv_rtc.c.o
                0x0000000000001454                drv_rtc_init
 .text.drv_rtc_start
                0x00000000000014e4        0x8 _build/nrf52840_xxaa/drv_rtc.c.o
                0x00000000000014e4                drv_rtc_start
 .text.drv_rtc_stop
                0x00000000000014ec        0x8 _build/nrf52840_xxaa/drv_rtc.c.o
                0x00000000000014ec                drv_rtc_stop
 .text.drv_rtc_compare_set
                0x00000000000014f4       0x54 _build/nrf52840_xxaa/drv_rtc.c.o
                0x00000000000014f4                drv_rtc_compare_set
 .text.drv_rtc_windowed_compare_set
                0x0000000000001548       0xf8 _build/nrf52840_xxaa/drv_rtc.c.o
                0x0000000000001548                drv_rtc_windowed_compare_set
 .text.drv_rtc_overflow_enable
                0x0000000000001640       0x14 _build/nrf52840_xxaa/drv_rtc.c.o
                0x0000000000001640                drv_rtc_overflow_enable
 .text.drv_rtc_overflow_pending
                0x0000000000001654       0x20 _build/nrf52840_xxaa/drv_rtc.c.o
                0x0000000000001654                drv_rtc_overflow_pending
 .text.drv_rtc_compare_disable
                0x0000000000001674       0x18 _build/nrf52840_xxaa/drv_rtc.c.o
                0x0000000000001674                drv_rtc_compare_disable
 .text.drv_rtc_compare_pending
                0x000000000000168c       0x20 _build/nrf52840_xxaa/drv_rtc.c.o
                0x000000000000168c                drv_rtc_compare_pending
 .text.drv_rtc_counter_get
                0x00000000000016ac        0x8 _build/nrf52840_xxaa/drv_rtc.c.o
                0x00000000000016ac                drv_rtc_counter_get
 .text.drv_rtc_irq_trigger
                0x00000000000016b4       0x24 _build/nrf52840_xxaa/drv_rtc.c.o
                0x00000000000016b4                drv_rtc_irq_trigger
 .text.RTC1_IRQHandler
                0x00000000000016d8       0x14 _build/nrf52840_xxaa/drv_rtc.c.o
                0x00000000000016d8                RTC1_IRQHandler
 .text.compare_func
                0x00000000000016ec       0x1c _build/nrf52840_xxaa/app_timer2.c.o
 .text.rtc_irq  0x0000000000001708      0x3a8 _build/nrf52840_xxaa/app_timer2.c.o
 .text.app_timer_init
                0x0000000000001ab0       0x70 _build/nrf52840_xxaa/app_timer2.c.o
                0x0000000000001ab0                app_timer_init
 .text.app_timer_create
                0x0000000000001b20       0x30 _build/nrf52840_xxaa/app_timer2.c.o
                0x0000000000001b20                app_timer_create
 .text.app_timer_start
                0x0000000000001b50       0xb0 _build/nrf52840_xxaa/app_timer2.c.o
                0x0000000000001b50                app_timer_start
 .text.PWM0_IRQHandler
                0x0000000000001c00       0xbc _build/nrf52840_xxaa/nrfx_pwm.c.o
                0x0000000000001c00                PWM0_IRQHandler
 .text.nrf_sortlist_add
                0x0000000000001cbc       0x28 _build/nrf52840_xxaa/nrf_sortlist.c.o
                0x0000000000001cbc                nrf_sortlist_add
 .text.nrf_sortlist_pop
                0x0000000000001ce4        0xc _build/nrf52840_xxaa/nrf_sortlist.c.o
                0x0000000000001ce4                nrf_sortlist_pop
 .text.nrf_sortlist_peek
                0x0000000000001cf0        0x8 _build/nrf52840_xxaa/nrf_sortlist.c.o
                0x0000000000001cf0                nrf_sortlist_peek
 .text.nrf_sortlist_remove
                0x0000000000001cf8       0x1c _build/nrf52840_xxaa/nrf_sortlist.c.o
                0x0000000000001cf8                nrf_sortlist_remove
 .text.GPIOTE_IRQHandler
                0x0000000000001d14      0x3a4 _build/nrf52840_xxaa/nrfx_gpiote.c.o
                0x0000000000001d14                GPIOTE_IRQHandler
 .text.sleep_timeout_ISR
                0x00000000000020b8        0xc _build/nrf52840_xxaa/main.c.o
                0x00000000000020b8                sleep_timeout_ISR
 .text.LED_Blink_Codes.constprop.0
                0x00000000000020c4       0xa4 _build/nrf52840_xxaa/main.c.o
 .text.setup    0x0000000000002168       0x60 _build/nrf52840_xxaa/main.c.o
                0x0000000000002168                setup
 .text.startup.main
                0x00000000000021c8      0x350 _build/nrf52840_xxaa/main.c.o
                0x00000000000021c8                main
 .text.__NVIC_SystemReset
                0x0000000000002518       0x24 _build/nrf52840_xxaa/system_nrf52840.c.o
 .text.SystemInit
                0x000000000000253c      0x284 _build/nrf52840_xxaa/system_nrf52840.c.o
                0x000000000000253c                SystemInit
 .text.exit     0x00000000000027c0       0x28 /Applications/ARM/bin/../lib/gcc/arm-none-eabi/10.3.1/../../../../arm-none-eabi/lib/thumb/v7e-m+fp/hard/libc_nano.a(lib_a-exit.o)
                0x00000000000027c0                exit
 .text.__libc_init_array
                0x00000000000027e8       0x48 /Applications/ARM/bin/../lib/gcc/arm-none-eabi/10.3.1/../../../../arm-none-eabi/lib/thumb/v7e-m+fp/hard/libc_nano.a(lib_a-init.o)
                0x00000000000027e8                __libc_init_array
 .text.memset   0x0000000000002830       0x10 /Applications/ARM/bin/../lib/gcc/arm-none-eabi/10.3.1/../../../../arm-none-eabi/lib/thumb/v7e-m+fp/hard/libc_nano.a(lib_a-memset.o)
                0x0000000000002830                memset
 .text._exit    0x0000000000002840        0x4 /Applications/ARM/bin/../lib/gcc/arm-none-eabi/10.3.1/../../../../arm-none-eabi/lib/thumb/v7e-m+fp/hard/libnosys.a(_exit.o)
                0x0000000000002840                _exit
 *(.init)
 .init          0x0000000000002844        0x4 /Applications/ARM/bin/../lib/gcc/arm-none-eabi/10.3.1/thumb/v7e-m+fp/hard/crti.o
                0x0000000000002844                _init
 .init          0x0000000000002848        0x8 /Applications/ARM/bin/../lib/gcc/arm-none-eabi/10.3.1/thumb/v7e-m+fp/hard/crtn.o
 *(.fini)
 .fini          0x0000000000002850        0x4 /Applications/ARM/bin/../lib/gcc/arm-none-eabi/10.3.1/thumb/v7e-m+fp/hard/crti.o
                0x0000000000002850                _fini
 .fini          0x0000000000002854        0x8 /Applications/ARM/bin/../lib/gcc/arm-none-eabi/10.3.1/thumb/v7e-m+fp/hard/crtn.o
 *crtbegin.o(.ctors)
 *crtbegin?.o(.ctors)
 *(EXCLUDE_FILE(*crtend.o *crtend?.o) .ctors)
 *(SORT_BY_NAME(.ctors.*))
 *(.ctors)
 *crtbegin.o(.dtors)
 *crtbegin?.o(.dtors)
 *(EXCLUDE_FILE(*crtend.o *crtend?.o) .dtors)
 *(SORT_BY_NAME(.dtors.*))
 *(.dtors)
 *(.rodata*)
 *fill*         0x000000000000285c        0x4 
 .rodata.delay_machine_code.0
                0x0000000000002860        0x6 _build/nrf52840_xxaa/drv_rtc.c.o
 *fill*         0x0000000000002866        0x2 
 .rodata.m_app_timer_sortlist
                0x0000000000002868        0xc _build/nrf52840_xxaa/app_timer2.c.o
 .rodata.Sleep  0x0000000000002874        0x4 _build/nrf52840_xxaa/main.c.o
 *fill*         0x0000000000002878        0x8 
 .rodata.delay_machine_code.0
                0x0000000000002880        0x6 _build/nrf52840_xxaa/main.c.o
 *fill*         0x0000000000002886        0x2 
 .rodata.CSWTCH.15
                0x0000000000002888        0x6 _build/nrf52840_xxaa/system_nrf52840.c.o
 *fill*         0x000000000000288e        0x2 
 .rodata.CSWTCH.6
                0x0000000000002890        0x6 _build/nrf52840_xxaa/system_nrf52840.c.o
 *fill*         0x0000000000002896        0x2 
 .rodata._global_impure_ptr
                0x0000000000002898        0x4 /Applications/ARM/bin/../lib/gcc/arm-none-eabi/10.3.1/../../../../arm-none-eabi/lib/thumb/v7e-m+fp/hard/libc_nano.a(lib_a-impure.o)
                0x0000000000002898                _global_impure_ptr
 *(.eh_frame*)
 .eh_frame      0x000000000000289c        0x0 /Applications/ARM/bin/../lib/gcc/arm-none-eabi/10.3.1/thumb/v7e-m+fp/hard/crtbegin.o
 .eh_frame      0x000000000000289c        0x4 /Applications/ARM/bin/../lib/gcc/arm-none-eabi/10.3.1/thumb/v7e-m+fp/hard/crtend.o

.glue_7         0x00000000000028a0        0x0
 .glue_7        0x00000000000028a0        0x0 linker stubs

.glue_7t        0x00000000000028a0        0x0
 .glue_7t       0x00000000000028a0        0x0 linker stubs

.vfp11_veneer   0x00000000000028a0        0x0
 .vfp11_veneer  0x00000000000028a0        0x0 linker stubs

.v4_bx          0x00000000000028a0        0x0
 .v4_bx         0x00000000000028a0        0x0 linker stubs

.iplt           0x00000000000028a0        0x0
 .iplt          0x00000000000028a0        0x0 /Applications/ARM/bin/../lib/gcc/arm-none-eabi/10.3.1/thumb/v7e-m+fp/hard/crtbegin.o

.mem_section_dummy_rom

.log_const_data
                0x00000000000028a0        0x0
                [!provide]                        PROVIDE (__start_log_const_data = .)
 *(SORT_BY_NAME(.log_const_data*))
                [!provide]                        PROVIDE (__stop_log_const_data = .)

.log_backends   0x00000000000028a0        0x0
                [!provide]                        PROVIDE (__start_log_backends = .)
 *(SORT_BY_NAME(.log_backends*))
                [!provide]                        PROVIDE (__stop_log_backends = .)

.nrf_balloc     0x00000000000028a0        0x0
                [!provide]                        PROVIDE (__start_nrf_balloc = .)
 *(.nrf_balloc)
                [!provide]                        PROVIDE (__stop_nrf_balloc = .)

.ARM.extab
 *(.ARM.extab* .gnu.linkonce.armextab.*)
                0x00000000000028a0                __exidx_start = .

.ARM.exidx      0x00000000000028a0        0x8
 *(.ARM.exidx* .gnu.linkonce.armexidx.*)
 .ARM.exidx     0x00000000000028a0        0x8 /Applications/ARM/bin/../lib/gcc/arm-none-eabi/10.3.1/../../../../arm-none-eabi/lib/thumb/v7e-m+fp/hard/crt0.o
                                         0x10 (size before relaxing)
                0x00000000000028a8                __exidx_end = .

.rel.dyn        0x00000000000028a8        0x0
 .rel.iplt      0x00000000000028a8        0x0 /Applications/ARM/bin/../lib/gcc/arm-none-eabi/10.3.1/thumb/v7e-m+fp/hard/crtbegin.o
                0x00000000000028a8                . = ALIGN (0x4)
                0x00000000000028a8                __etext = .

.data           0x0000000020000008       0x94 load address 0x00000000000028a8
                0x0000000020000008                __data_start__ = .
 *(vtable)
 *(.data*)
 .data.m_rtc_inst
                0x0000000020000008        0x8 _build/nrf52840_xxaa/app_timer2.c.o
 .data.Sleep_data
                0x0000000020000010       0x20 _build/nrf52840_xxaa/main.c.o
 .data.SystemCoreClock
                0x0000000020000030        0x4 _build/nrf52840_xxaa/system_nrf52840.c.o
                0x0000000020000030                SystemCoreClock
 .data.impure_data
                0x0000000020000034       0x60 /Applications/ARM/bin/../lib/gcc/arm-none-eabi/10.3.1/../../../../arm-none-eabi/lib/thumb/v7e-m+fp/hard/libc_nano.a(lib_a-impure.o)
                0x0000000020000094                . = ALIGN (0x4)
                0x0000000020000094                PROVIDE (__preinit_array_start = .)
 *(.preinit_array)
                0x0000000020000094                PROVIDE (__preinit_array_end = .)
                0x0000000020000094                . = ALIGN (0x4)
                0x0000000020000094                PROVIDE (__init_array_start = .)
 *(SORT_BY_NAME(.init_array.*))
 *(.init_array)
 .init_array    0x0000000020000094        0x4 /Applications/ARM/bin/../lib/gcc/arm-none-eabi/10.3.1/thumb/v7e-m+fp/hard/crtbegin.o
                0x0000000020000098                PROVIDE (__init_array_end = .)
                0x0000000020000098                . = ALIGN (0x4)
                [!provide]                        PROVIDE (__fini_array_start = .)
 *(SORT_BY_NAME(.fini_array.*))
 *(.fini_array)
 .fini_array    0x0000000020000098        0x4 /Applications/ARM/bin/../lib/gcc/arm-none-eabi/10.3.1/thumb/v7e-m+fp/hard/crtbegin.o
                [!provide]                        PROVIDE (__fini_array_end = .)
 *(.jcr*)
                0x000000002000009c                . = ALIGN (0x4)
                0x000000002000009c                __data_end__ = .
LOAD /Applications/ARM/bin/../lib/gcc/arm-none-eabi/10.3.1/thumb/v7e-m+fp/hard/crti.o
LOAD /Applications/ARM/bin/../lib/gcc/arm-none-eabi/10.3.1/thumb/v7e-m+fp/hard/crtbegin.o
LOAD /Applications/ARM/bin/../lib/gcc/arm-none-eabi/10.3.1/../../../../arm-none-eabi/lib/thumb/v7e-m+fp/hard/crt0.o
LOAD _build/nrf52840_xxaa/gcc_startup_nrf52840.S.o
LOAD _build/nrf52840_xxaa/nrf_log_frontend.c.o
LOAD _build/nrf52840_xxaa/nrf_log_str_formatter.c.o
LOAD _build/nrf52840_xxaa/boards.c.o
LOAD _build/nrf52840_xxaa/app_error.c.o
LOAD _build/nrf52840_xxaa/app_error_handler_gcc.c.o
LOAD _build/nrf52840_xxaa/app_error_weak.c.o
LOAD _build/nrf52840_xxaa/app_util_platform.c.o
LOAD _build/nrf52840_xxaa/nrf_assert.c.o
LOAD _build/nrf52840_xxaa/nrf_atomic.c.o
LOAD _build/nrf52840_xxaa/nrf_balloc.c.o
LOAD _build/nrf52840_xxaa/nrf_fprintf.c.o
LOAD _build/nrf52840_xxaa/nrf_atfifo.c.o
LOAD _build/nrf52840_xxaa/nrf_fprintf_format.c.o
LOAD _build/nrf52840_xxaa/nrf_memobj.c.o
LOAD _build/nrf52840_xxaa/drv_rtc.c.o
LOAD _build/nrf52840_xxaa/nrf_ringbuf.c.o
LOAD _build/nrf52840_xxaa/app_timer2.c.o
LOAD _build/nrf52840_xxaa/nrfx_pwm.c.o
LOAD _build/nrf52840_xxaa/nrf_sortlist.c.o
LOAD _build/nrf52840_xxaa/nrf_strerror.c.o
LOAD _build/nrf52840_xxaa/nrfx_atomic.c.o
LOAD _build/nrf52840_xxaa/nrfx_gpiote.c.o
LOAD _build/nrf52840_xxaa/nrfx_timer.c.o
LOAD _build/nrf52840_xxaa/nrfx_saadc.c.o
LOAD _build/nrf52840_xxaa/radio_config.c.o
LOAD _build/nrf52840_xxaa/main.c.o
LOAD _build/nrf52840_xxaa/system_nrf52840.c.o
LOAD /Applications/ARM/bin/../lib/gcc/arm-none-eabi/10.3.1/../../../../arm-none-eabi/lib/thumb/v7e-m+fp/hard/libc_nano.a
LOAD /Applications/ARM/bin/../lib/gcc/arm-none-eabi/10.3.1/../../../../arm-none-eabi/lib/thumb/v7e-m+fp/hard/libnosys.a
LOAD /Applications/ARM/bin/../lib/gcc/arm-none-eabi/10.3.1/../../../../arm-none-eabi/lib/thumb/v7e-m+fp/hard/libm.a
START GROUP
LOAD /Applications/ARM/bin/../lib/gcc/arm-none-eabi/10.3.1/thumb/v7e-m+fp/hard/libgcc.a
LOAD /Applications/ARM/bin/../lib/gcc/arm-none-eabi/10.3.1/../../../../arm-none-eabi/lib/thumb/v7e-m+fp/hard/libg_nano.a
LOAD /Applications/ARM/bin/../lib/gcc/arm-none-eabi/10.3.1/../../../../arm-none-eabi/lib/thumb/v7e-m+fp/hard/libc_nano.a
END GROUP
START GROUP
LOAD /Applications/ARM/bin/../lib/gcc/arm-none-eabi/10.3.1/thumb/v7e-m+fp/hard/libgcc.a
LOAD /Applications/ARM/bin/../lib/gcc/arm-none-eabi/10.3.1/../../../../arm-none-eabi/lib/thumb/v7e-m+fp/hard/libc_nano.a
END GROUP
LOAD /Applications/ARM/bin/../lib/gcc/arm-none-eabi/10.3.1/thumb/v7e-m+fp/hard/crtend.o
LOAD /Applications/ARM/bin/../lib/gcc/arm-none-eabi/10.3.1/thumb/v7e-m+fp/hard/crtn.o
START GROUP
LOAD /Applications/ARM/bin/../lib/gcc/arm-none-eabi/10.3.1/thumb/v7e-m+fp/hard/libgcc.a
LOAD /Applications/ARM/bin/../lib/gcc/arm-none-eabi/10.3.1/../../../../arm-none-eabi/lib/thumb/v7e-m+fp/hard/libc.a
LOAD /Applications/ARM/bin/../lib/gcc/arm-none-eabi/10.3.1/../../../../arm-none-eabi/lib/thumb/v7e-m+fp/hard/libnosys.a
END GROUP

.igot.plt       0x000000002000009c        0x0 load address 0x000000000000293c
 .igot.plt      0x000000002000009c        0x0 /Applications/ARM/bin/../lib/gcc/arm-none-eabi/10.3.1/thumb/v7e-m+fp/hard/crtbegin.o
                0x000000002000009c                . = ALIGN (0x4)

.mem_section_dummy_ram

.log_dynamic_data
                0x000000002000009c        0x0
                [!provide]                        PROVIDE (__start_log_dynamic_data = .)
 *(SORT_BY_NAME(.log_dynamic_data*))
                [!provide]                        PROVIDE (__stop_log_dynamic_data = .)

.log_filter_data
                0x000000002000009c        0x0
                [!provide]                        PROVIDE (__start_log_filter_data = .)
 *(SORT_BY_NAME(.log_filter_data*))
                [!provide]                        PROVIDE (__stop_log_filter_data = .)

.bss            0x00000000200000a0      0x138 load address 0x0000000000002940
                0x00000000200000a0                . = ALIGN (0x4)
                0x00000000200000a0                __bss_start__ = .
 *(.bss*)
 .bss           0x00000000200000a0       0x1c /Applications/ARM/bin/../lib/gcc/arm-none-eabi/10.3.1/thumb/v7e-m+fp/hard/crtbegin.o
 .bss.m_in_critical_region
                0x00000000200000bc        0x4 _build/nrf52840_xxaa/app_util_platform.c.o
 .bss.m_cb      0x00000000200000c0        0x8 _build/nrf52840_xxaa/drv_rtc.c.o
 .bss.m_handlers
                0x00000000200000c8        0x4 _build/nrf52840_xxaa/drv_rtc.c.o
 .bss.m_app_timer_sortlist_sortlist_cb
                0x00000000200000cc        0x4 _build/nrf52840_xxaa/app_timer2.c.o
 .bss.m_base_counter
                0x00000000200000d0        0x8 _build/nrf52840_xxaa/app_timer2.c.o
 .bss.m_global_active
                0x00000000200000d8        0x1 _build/nrf52840_xxaa/app_timer2.c.o
 *fill*         0x00000000200000d9        0x3 
 .bss.m_req_fifo_data
                0x00000000200000dc       0x58 _build/nrf52840_xxaa/app_timer2.c.o
 .bss.m_req_fifo_inst
                0x0000000020000134       0x10 _build/nrf52840_xxaa/app_timer2.c.o
 *fill*         0x0000000020000144        0x4 
 .bss.m_stamp64
                0x0000000020000148        0x8 _build/nrf52840_xxaa/app_timer2.c.o
 .bss.mp_active_timer
                0x0000000020000150        0x4 _build/nrf52840_xxaa/app_timer2.c.o
 .bss.m_cb      0x0000000020000154        0x8 _build/nrf52840_xxaa/nrfx_pwm.c.o
 *fill*         0x000000002000015c        0x4 
 .bss.m_cb      0x0000000020000160       0x64 _build/nrf52840_xxaa/nrfx_gpiote.c.o
 .bss.Heat_Code_Reg
                0x00000000200001c4        0x4 _build/nrf52840_xxaa/main.c.o
                0x00000000200001c4                Heat_Code_Reg
 .bss.Site_Reg  0x00000000200001c8        0x1 _build/nrf52840_xxaa/main.c.o
                0x00000000200001c8                Site_Reg
 .bss.Sub_Site_Reg
                0x00000000200001c9        0x1 _build/nrf52840_xxaa/main.c.o
                0x00000000200001c9                Sub_Site_Reg
 *fill*         0x00000000200001ca        0x2 
 .bss.Tree_Code_Reg
                0x00000000200001cc        0x4 _build/nrf52840_xxaa/main.c.o
                0x00000000200001cc                Tree_Code_Reg
 .bss.Tree_Reg  0x00000000200001d0        0x1 _build/nrf52840_xxaa/main.c.o
                0x00000000200001d0                Tree_Reg
 .bss.hundredths_Reg
                0x00000000200001d1        0x1 _build/nrf52840_xxaa/main.c.o
                0x00000000200001d1                hundredths_Reg
 .bss.ones_Reg  0x00000000200001d2        0x1 _build/nrf52840_xxaa/main.c.o
                0x00000000200001d2                ones_Reg
 .bss.sleep     0x00000000200001d3        0x1 _build/nrf52840_xxaa/main.c.o
                0x00000000200001d3                sleep
 .bss.tens_Reg  0x00000000200001d4        0x1 _build/nrf52840_xxaa/main.c.o
                0x00000000200001d4                tens_Reg
 .bss.tenths_Reg
                0x00000000200001d5        0x1 _build/nrf52840_xxaa/main.c.o
                0x00000000200001d5                tenths_Reg
 *(COMMON)
                0x00000000200001d8                . = ALIGN (0x4)
 *fill*         0x00000000200001d6        0x2 
                0x00000000200001d8                __bss_end__ = .

.heap           0x00000000200001d8     0x2000
                0x00000000200001d8                __HeapBase = .
                0x00000000200001d8                __end__ = .
                [!provide]                        PROVIDE (end = .)
 *(.heap*)
 .heap          0x00000000200001d8     0x2000 _build/nrf52840_xxaa/gcc_startup_nrf52840.S.o
                0x00000000200021d8                __HeapLimit = .

.stack_dummy    0x00000000200001d8     0x2000
 *(.stack*)
 .stack         0x00000000200001d8     0x2000 _build/nrf52840_xxaa/gcc_startup_nrf52840.S.o
                0x0000000020040000                __StackTop = (ORIGIN (RAM) + LENGTH (RAM))
                0x000000002003e000                __StackLimit = (__StackTop - SIZEOF (.stack_dummy))
                0x0000000020040000                PROVIDE (__stack = __StackTop)
                0x0000000000000001                ASSERT ((__StackLimit >= __HeapLimit), region RAM overflowed with stack)
                0x0000000000000098                DataInitFlashUsed = (__bss_start__ - __data_start__)
                0x00000000000018a8                CodeFlashUsed = (__etext - ORIGIN (FLASH))
                0x0000000000001940                TotalFlashUsed = (CodeFlashUsed + DataInitFlashUsed)
                0x0000000000000001                ASSERT ((TotalFlashUsed <= LENGTH (FLASH)), region FLASH overflowed with .data and user data)
OUTPUT(_build/nrf52840_xxaa.out elf32-littlearm)
LOAD linker stubs

.ARM.attributes
                0x0000000000000000       0x30
 .ARM.attributes
                0x0000000000000000       0x1e /Applications/ARM/bin/../lib/gcc/arm-none-eabi/10.3.1/thumb/v7e-m+fp/hard/crti.o
 .ARM.attributes
                0x000000000000001e       0x34 /Applications/ARM/bin/../lib/gcc/arm-none-eabi/10.3.1/thumb/v7e-m+fp/hard/crtbegin.o
 .ARM.attributes
                0x0000000000000052       0x1c /Applications/ARM/bin/../lib/gcc/arm-none-eabi/10.3.1/../../../../arm-none-eabi/lib/thumb/v7e-m+fp/hard/crt0.o
 .ARM.attributes
                0x000000000000006e       0x20 _build/nrf52840_xxaa/gcc_startup_nrf52840.S.o
 .ARM.attributes
                0x000000000000008e       0x34 _build/nrf52840_xxaa/app_util_platform.c.o
 .ARM.attributes
                0x00000000000000c2       0x34 _build/nrf52840_xxaa/nrf_atfifo.c.o
 .ARM.attributes
                0x00000000000000f6       0x34 _build/nrf52840_xxaa/drv_rtc.c.o
 .ARM.attributes
                0x000000000000012a       0x34 _build/nrf52840_xxaa/app_timer2.c.o
 .ARM.attributes
                0x000000000000015e       0x34 _build/nrf52840_xxaa/nrfx_pwm.c.o
 .ARM.attributes
                0x0000000000000192       0x34 _build/nrf52840_xxaa/nrf_sortlist.c.o
 .ARM.attributes
                0x00000000000001c6       0x34 _build/nrf52840_xxaa/nrfx_gpiote.c.o
 .ARM.attributes
                0x00000000000001fa       0x34 _build/nrf52840_xxaa/main.c.o
 .ARM.attributes
                0x000000000000022e       0x34 _build/nrf52840_xxaa/system_nrf52840.c.o
 .ARM.attributes
                0x0000000000000262       0x34 /Applications/ARM/bin/../lib/gcc/arm-none-eabi/10.3.1/../../../../arm-none-eabi/lib/thumb/v7e-m+fp/hard/libc_nano.a(lib_a-exit.o)
 .ARM.attributes
                0x0000000000000296       0x34 /Applications/ARM/bin/../lib/gcc/arm-none-eabi/10.3.1/../../../../arm-none-eabi/lib/thumb/v7e-m+fp/hard/libc_nano.a(lib_a-impure.o)
 .ARM.attributes
                0x00000000000002ca       0x34 /Applications/ARM/bin/../lib/gcc/arm-none-eabi/10.3.1/../../../../arm-none-eabi/lib/thumb/v7e-m+fp/hard/libc_nano.a(lib_a-init.o)
 .ARM.attributes
                0x00000000000002fe       0x34 /Applications/ARM/bin/../lib/gcc/arm-none-eabi/10.3.1/../../../../arm-none-eabi/lib/thumb/v7e-m+fp/hard/libc_nano.a(lib_a-memset.o)
 .ARM.attributes
                0x0000000000000332       0x34 /Applications/ARM/bin/../lib/gcc/arm-none-eabi/10.3.1/../../../../arm-none-eabi/lib/thumb/v7e-m+fp/hard/libnosys.a(_exit.o)
 .ARM.attributes
                0x0000000000000366       0x34 /Applications/ARM/bin/../lib/gcc/arm-none-eabi/10.3.1/thumb/v7e-m+fp/hard/crtend.o
 .ARM.attributes
                0x000000000000039a       0x1e /Applications/ARM/bin/../lib/gcc/arm-none-eabi/10.3.1/thumb/v7e-m+fp/hard/crtn.o

.comment        0x0000000000000000       0x49
 .comment       0x0000000000000000       0x49 _build/nrf52840_xxaa/app_util_platform.c.o
                                         0x4a (size before relaxing)
 .comment       0x0000000000000049       0x4a _build/nrf52840_xxaa/nrf_atfifo.c.o
 .comment       0x0000000000000049       0x4a _build/nrf52840_xxaa/drv_rtc.c.o
 .comment       0x0000000000000049       0x4a _build/nrf52840_xxaa/app_timer2.c.o
 .comment       0x0000000000000049       0x4a _build/nrf52840_xxaa/nrfx_pwm.c.o
 .comment       0x0000000000000049       0x4a _build/nrf52840_xxaa/nrf_sortlist.c.o
 .comment       0x0000000000000049       0x4a _build/nrf52840_xxaa/nrfx_gpiote.c.o
 .comment       0x0000000000000049       0x4a _build/nrf52840_xxaa/main.c.o
 .comment       0x0000000000000049       0x4a _build/nrf52840_xxaa/system_nrf52840.c.o

.debug_line     0x0000000000000000     0xac50
 .debug_line    0x0000000000000000       0x98 _build/nrf52840_xxaa/gcc_startup_nrf52840.S.o
 .debug_line    0x0000000000000098      0x635 _build/nrf52840_xxaa/app_util_platform.c.o
 .debug_line    0x00000000000006cd      0xa40 _build/nrf52840_xxaa/nrf_atfifo.c.o
 .debug_line    0x000000000000110d     0x14af _build/nrf52840_xxaa/drv_rtc.c.o
 .debug_line    0x00000000000025bc     0x1297 _build/nrf52840_xxaa/app_timer2.c.o
 .debug_line    0x0000000000003853     0x1d05 _build/nrf52840_xxaa/nrfx_pwm.c.o
 .debug_line    0x0000000000005558      0x742 _build/nrf52840_xxaa/nrf_sortlist.c.o
 .debug_line    0x0000000000005c9a     0x2d88 _build/nrf52840_xxaa/nrfx_gpiote.c.o
 .debug_line    0x0000000000008a22     0x18d8 _build/nrf52840_xxaa/main.c.o
 .debug_line    0x000000000000a2fa      0x956 _build/nrf52840_xxaa/system_nrf52840.c.o

.debug_info     0x0000000000000000     0xfcb3
 .debug_info    0x0000000000000000       0x26 _build/nrf52840_xxaa/gcc_startup_nrf52840.S.o
 .debug_info    0x0000000000000026      0x82c _build/nrf52840_xxaa/app_util_platform.c.o
 .debug_info    0x0000000000000852      0xb5d _build/nrf52840_xxaa/nrf_atfifo.c.o
 .debug_info    0x00000000000013af     0x20e0 _build/nrf52840_xxaa/drv_rtc.c.o
 .debug_info    0x000000000000348f     0x19aa _build/nrf52840_xxaa/app_timer2.c.o
 .debug_info    0x0000000000004e39     0x2bf8 _build/nrf52840_xxaa/nrfx_pwm.c.o
 .debug_info    0x0000000000007a31      0x31d _build/nrf52840_xxaa/nrf_sortlist.c.o
 .debug_info    0x0000000000007d4e     0x3c90 _build/nrf52840_xxaa/nrfx_gpiote.c.o
 .debug_info    0x000000000000b9de     0x2974 _build/nrf52840_xxaa/main.c.o
 .debug_info    0x000000000000e352     0x1961 _build/nrf52840_xxaa/system_nrf52840.c.o

.debug_abbrev   0x0000000000000000     0x20f3
 .debug_abbrev  0x0000000000000000       0x14 _build/nrf52840_xxaa/gcc_startup_nrf52840.S.o
 .debug_abbrev  0x0000000000000014      0x260 _build/nrf52840_xxaa/app_util_platform.c.o
 .debug_abbrev  0x0000000000000274      0x287 _build/nrf52840_xxaa/nrf_atfifo.c.o
 .debug_abbrev  0x00000000000004fb      0x4c3 _build/nrf52840_xxaa/drv_rtc.c.o
 .debug_abbrev  0x00000000000009be      0x4c0 _build/nrf52840_xxaa/app_timer2.c.o
 .debug_abbrev  0x0000000000000e7e      0x4c3 _build/nrf52840_xxaa/nrfx_pwm.c.o
 .debug_abbrev  0x0000000000001341      0x145 _build/nrf52840_xxaa/nrf_sortlist.c.o
 .debug_abbrev  0x0000000000001486      0x4d2 _build/nrf52840_xxaa/nrfx_gpiote.c.o
 .debug_abbrev  0x0000000000001958      0x473 _build/nrf52840_xxaa/main.c.o
 .debug_abbrev  0x0000000000001dcb      0x328 _build/nrf52840_xxaa/system_nrf52840.c.o

.debug_aranges  0x0000000000000000      0x400
 .debug_aranges
                0x0000000000000000       0x20 _build/nrf52840_xxaa/gcc_startup_nrf52840.S.o
 .debug_aranges
                0x0000000000000020       0x48 _build/nrf52840_xxaa/app_util_platform.c.o
 .debug_aranges
                0x0000000000000068       0x58 _build/nrf52840_xxaa/nrf_atfifo.c.o
 .debug_aranges
                0x00000000000000c0       0xb0 _build/nrf52840_xxaa/drv_rtc.c.o
 .debug_aranges
                0x0000000000000170       0x70 _build/nrf52840_xxaa/app_timer2.c.o
 .debug_aranges
                0x00000000000001e0       0x50 _build/nrf52840_xxaa/nrfx_pwm.c.o
 .debug_aranges
                0x0000000000000230       0x40 _build/nrf52840_xxaa/nrf_sortlist.c.o
 .debug_aranges
                0x0000000000000270       0xf8 _build/nrf52840_xxaa/nrfx_gpiote.c.o
 .debug_aranges
                0x0000000000000368       0x58 _build/nrf52840_xxaa/main.c.o
 .debug_aranges
                0x00000000000003c0       0x40 _build/nrf52840_xxaa/system_nrf52840.c.o

.debug_str      0x0000000000000000    0x962c4
 .debug_str     0x0000000000000000       0xab _build/nrf52840_xxaa/gcc_startup_nrf52840.S.o
 .debug_str     0x00000000000000ab    0x79564 _build/nrf52840_xxaa/app_util_platform.c.o
                                      0x7a69b (size before relaxing)
 .debug_str     0x000000000007960f     0xca63 _build/nrf52840_xxaa/nrf_atfifo.c.o
                                      0x860c8 (size before relaxing)
 .debug_str     0x0000000000086072     0x36c6 _build/nrf52840_xxaa/drv_rtc.c.o
                                      0x8a2fa (size before relaxing)
 .debug_str     0x0000000000089738      0xac0 _build/nrf52840_xxaa/app_timer2.c.o
                                      0x8aa33 (size before relaxing)
 .debug_str     0x000000000008a1f8     0x14e6 _build/nrf52840_xxaa/nrfx_pwm.c.o
                                      0x8ab33 (size before relaxing)
 .debug_str     0x000000000008b6de       0x8c _build/nrf52840_xxaa/nrf_sortlist.c.o
                                      0x85cf9 (size before relaxing)
 .debug_str     0x000000000008b76a     0x1963 _build/nrf52840_xxaa/nrfx_gpiote.c.o
                                      0x8b5fe (size before relaxing)
 .debug_str     0x000000000008d0cd      0xeb5 _build/nrf52840_xxaa/main.c.o
                                      0x887a5 (size before relaxing)
 .debug_str     0x000000000008df82     0x8342 _build/nrf52840_xxaa/system_nrf52840.c.o
                                      0x7ea7e (size before relaxing)

.debug_loc      0x0000000000000000     0x9b2b
 .debug_loc     0x0000000000000000      0x11a _build/nrf52840_xxaa/app_util_platform.c.o
 .debug_loc     0x000000000000011a      0x716 _build/nrf52840_xxaa/nrf_atfifo.c.o
 .debug_loc     0x0000000000000830     0x13b9 _build/nrf52840_xxaa/drv_rtc.c.o
 .debug_loc     0x0000000000001be9      0xae4 _build/nrf52840_xxaa/app_timer2.c.o
 .debug_loc     0x00000000000026cd     0x226f _build/nrf52840_xxaa/nrfx_pwm.c.o
 .debug_loc     0x000000000000493c      0x173 _build/nrf52840_xxaa/nrf_sortlist.c.o
 .debug_loc     0x0000000000004aaf     0x368b _build/nrf52840_xxaa/nrfx_gpiote.c.o
 .debug_loc     0x000000000000813a     0x17c9 _build/nrf52840_xxaa/main.c.o
 .debug_loc     0x0000000000009903      0x228 _build/nrf52840_xxaa/system_nrf52840.c.o

.debug_ranges   0x0000000000000000     0x2b18
 .debug_ranges  0x0000000000000000       0x38 _build/nrf52840_xxaa/app_util_platform.c.o
 .debug_ranges  0x0000000000000038      0x1a8 _build/nrf52840_xxaa/nrf_atfifo.c.o
 .debug_ranges  0x00000000000001e0      0x388 _build/nrf52840_xxaa/drv_rtc.c.o
 .debug_ranges  0x0000000000000568      0x298 _build/nrf52840_xxaa/app_timer2.c.o
 .debug_ranges  0x0000000000000800      0x678 _build/nrf52840_xxaa/nrfx_pwm.c.o
 .debug_ranges  0x0000000000000e78       0x30 _build/nrf52840_xxaa/nrf_sortlist.c.o
 .debug_ranges  0x0000000000000ea8     0x1100 _build/nrf52840_xxaa/nrfx_gpiote.c.o
 .debug_ranges  0x0000000000001fa8      0x9f8 _build/nrf52840_xxaa/main.c.o
 .debug_ranges  0x00000000000029a0      0x178 _build/nrf52840_xxaa/system_nrf52840.c.o

.debug_macro    0x0000000000000000     0x36d8
 .debug_macro   0x0000000000000000      0x239 _build/nrf52840_xxaa/app_util_platform.c.o
 .debug_macro   0x0000000000000239      0x28b _build/nrf52840_xxaa/nrf_atfifo.c.o
 .debug_macro   0x00000000000004c4       0x5e _build/nrf52840_xxaa/nrf_atfifo.c.o
 .debug_macro   0x0000000000000522       0x5c _build/nrf52840_xxaa/nrf_atfifo.c.o
 .debug_macro   0x000000000000057e       0x57 _build/nrf52840_xxaa/nrf_atfifo.c.o
 .debug_macro   0x00000000000005d5       0x37 _build/nrf52840_xxaa/nrf_atfifo.c.o
 .debug_macro   0x000000000000060c       0x27 _build/nrf52840_xxaa/nrf_atfifo.c.o
 .debug_macro   0x0000000000000633       0x10 _build/nrf52840_xxaa/nrf_atfifo.c.o
 .debug_macro   0x0000000000000643      0x3e9 _build/nrf52840_xxaa/drv_rtc.c.o
 .debug_macro   0x0000000000000a2c       0x10 _build/nrf52840_xxaa/drv_rtc.c.o
 .debug_macro   0x0000000000000a3c       0x2e _build/nrf52840_xxaa/drv_rtc.c.o
 .debug_macro   0x0000000000000a6a       0x28 _build/nrf52840_xxaa/drv_rtc.c.o
 .debug_macro   0x0000000000000a92      0x179 _build/nrf52840_xxaa/drv_rtc.c.o
 .debug_macro   0x0000000000000c0b      0x403 _build/nrf52840_xxaa/app_timer2.c.o
 .debug_macro   0x000000000000100e       0x16 _build/nrf52840_xxaa/app_timer2.c.o
 .debug_macro   0x0000000000001024       0x42 _build/nrf52840_xxaa/app_timer2.c.o
 .debug_macro   0x0000000000001066       0x45 _build/nrf52840_xxaa/app_timer2.c.o
 .debug_macro   0x00000000000010ab       0xac _build/nrf52840_xxaa/app_timer2.c.o
 .debug_macro   0x0000000000001157      0x3d0 _build/nrf52840_xxaa/nrfx_pwm.c.o
 .debug_macro   0x0000000000001527       0x1c _build/nrf52840_xxaa/nrfx_pwm.c.o
 .debug_macro   0x0000000000001543       0x1c _build/nrf52840_xxaa/nrfx_pwm.c.o
 .debug_macro   0x000000000000155f       0x22 _build/nrf52840_xxaa/nrfx_pwm.c.o
 .debug_macro   0x0000000000001581       0x1c _build/nrf52840_xxaa/nrfx_pwm.c.o
 .debug_macro   0x000000000000159d       0x42 _build/nrf52840_xxaa/nrfx_pwm.c.o
 .debug_macro   0x00000000000015df      0x285 _build/nrf52840_xxaa/nrf_sortlist.c.o
 .debug_macro   0x0000000000001864      0x41b _build/nrf52840_xxaa/nrfx_gpiote.c.o
 .debug_macro   0x0000000000001c7f       0x17 _build/nrf52840_xxaa/nrfx_gpiote.c.o
 .debug_macro   0x0000000000001c96       0x45 _build/nrf52840_xxaa/nrfx_gpiote.c.o
 .debug_macro   0x0000000000001cdb       0x16 _build/nrf52840_xxaa/nrfx_gpiote.c.o
 .debug_macro   0x0000000000001cf1      0x385 _build/nrf52840_xxaa/main.c.o
 .debug_macro   0x0000000000002076      0x158 _build/nrf52840_xxaa/system_nrf52840.c.o
 .debug_macro   0x00000000000021ce      0x44e _build/nrf52840_xxaa/system_nrf52840.c.o
 .debug_macro   0x000000000000261c      0xa28 _build/nrf52840_xxaa/system_nrf52840.c.o
 .debug_macro   0x0000000000003044      0x520 _build/nrf52840_xxaa/system_nrf52840.c.o
 .debug_macro   0x0000000000003564      0x164 _build/nrf52840_xxaa/system_nrf52840.c.o
 .debug_macro   0x00000000000036c8       0x10 _build/nrf52840_xxaa/system_nrf52840.c.o

.debug_frame    0x0000000000000000      0xab8
 .debug_frame   0x0000000000000000       0x70 _build/nrf52840_xxaa/app_util_platform.c.o
 .debug_frame   0x0000000000000070      0x12c _build/nrf52840_xxaa/nrf_atfifo.c.o
 .debug_frame   0x000000000000019c      0x1b0 _build/nrf52840_xxaa/drv_rtc.c.o
 .debug_frame   0x000000000000034c      0x194 _build/nrf52840_xxaa/app_timer2.c.o
 .debug_frame   0x00000000000004e0      0x100 _build/nrf52840_xxaa/nrfx_pwm.c.o
 .debug_frame   0x00000000000005e0       0x6c _build/nrf52840_xxaa/nrf_sortlist.c.o
 .debug_frame   0x000000000000064c      0x290 _build/nrf52840_xxaa/nrfx_gpiote.c.o
 .debug_frame   0x00000000000008dc       0xe0 _build/nrf52840_xxaa/main.c.o
 .debug_frame   0x00000000000009bc       0x68 _build/nrf52840_xxaa/system_nrf52840.c.o
 .debug_frame   0x0000000000000a24       0x28 /Applications/ARM/bin/../lib/gcc/arm-none-eabi/10.3.1/../../../../arm-none-eabi/lib/thumb/v7e-m+fp/hard/libc_nano.a(lib_a-exit.o)
 .debug_frame   0x0000000000000a4c       0x2c /Applications/ARM/bin/../lib/gcc/arm-none-eabi/10.3.1/../../../../arm-none-eabi/lib/thumb/v7e-m+fp/hard/libc_nano.a(lib_a-init.o)
 .debug_frame   0x0000000000000a78       0x20 /Applications/ARM/bin/../lib/gcc/arm-none-eabi/10.3.1/../../../../arm-none-eabi/lib/thumb/v7e-m+fp/hard/libc_nano.a(lib_a-memset.o)
 .debug_frame   0x0000000000000a98       0x20 /Applications/ARM/bin/../lib/gcc/arm-none-eabi/10.3.1/../../../../arm-none-eabi/lib/thumb/v7e-m+fp/hard/libnosys.a(_exit.o)
